➜  gradu git:(master) ✗ ls
data  dict  idf.txt.big  testDict.py
➜  gradu git:(master) ✗ source /home/ubuntu/aiml/bin/activate
(aiml) ➜  gradu git:(master) ✗ ls
data  dict  idf.txt.big  testDict.py
(aiml) ➜  gradu git:(master) ✗ ipython
Python 3.4.3 (default, Oct 14 2015, 20:28:29)
Type "copyright", "credits" or "license" for more information.

IPython 4.2.0 -- An enhanced Interactive Python.
?         -> Introduction and overview of IPython's features.
%quickref -> Quick reference.
help      -> Python's own help system.
object?   -> Details about 'object', use 'object??' for extra details.

In [1]: import jieba

In [2]: import jieba.analyse

In [3]: content = '往年录取分数线基本是怎样的呢？我考了XX分，有希望来到
烟大吗？
  File "<ipython-input-3-aa8784d4548b>", line 1
    content = '往年录取分数线基本是怎样的呢？我考了XX分，有希望来到烟大
吗？
                                              ^
SyntaxError: EOL while scanning string literal


In [4]: content = '往年录取分数线基本是怎样的呢？我考了XX分，有希望来到
烟大吗？'

In [5]: jieba.analyse.extract_tags(content, topK=3)
Building prefix dict from the default dictionary ...
Loading model from cache /tmp/jieba.cache
Loading model cost 1.317 seconds.
Prefix dict has been built succesfully.
Out[5]: ['烟大', 'XX', '我考']

In [6]: jieba.analyse.extract_tags(content)
Out[6]: ['烟大', 'XX', '我考', '分数线', '录取', '往年', '怎样', '来到',
 '希望', '基本']

In [7]: content="我考了500分，有希望来烟大吗"

In [8]: jieba.analyse.extract_tags(con
%config   content   continue

In [8]: jieba.analyse.extract_tags(content)
Out[8]: ['500', '来烟大', '我考', '希望']

In [9]:
Do you really want to exit ([y]/n)?
(aiml) ➜  gradu git:(master) ✗ ls
data  dict  idf.txt.big  testDict.py
(aiml) ➜  gradu git:(master) ✗ mkdir aiml
(aiml) ➜  gradu git:(master) ✗ ls
aiml  data  dict  idf.txt.big  testDict.py
(aiml) ➜  gradu git:(master) ✗ cd aiml
(aiml) ➜  aiml git:(master) ✗ ls
(aiml) ➜  aiml git:(master) ✗ cd ..
(aiml) ➜  gradu git:(master) ✗ ls
aiml  data  dict  idf.txt.big  testDict.py
(aiml) ➜  gradu git:(master) ✗ rmdir aiml
(aiml) ➜  gradu git:(master) ✗ ls
data  dict  idf.txt.big  testDict.py
(aiml) ➜  gradu git:(master) ✗ cd ..
(aiml) ➜  pyaiml git:(master) ✗ ls
aiml             example2     project     standard            test.py
aimlvalidate.py  example3     README.md   std-startup.xml     TODO.txt
CHANGES.txt      example4     setup.cfg   stress.py
COPYING.txt      gradu        setup.py    SUPPORTED_TAGS.txt
example1         MANIFEST.in  similarity  tags
(aiml) ➜  pyaiml git:(master) ✗ cd example
cd: no such file or directory: example
(aiml) ➜  pyaiml git:(master) ✗ ls
aiml             example2     project     standard            test.py
aimlvalidate.py  example3     README.md   std-startup.xml     TODO.txt
CHANGES.txt      example4     setup.cfg   stress.py
COPYING.txt      gradu        setup.py    SUPPORTED_TAGS.txt
example1         MANIFEST.in  similarity  tags
(aiml) ➜  pyaiml git:(master) ✗ cd example1
(aiml) ➜  example1 git:(master) ✗ ls
cn-startup.xml  cn-test.aiml  data  simple.py  standard.brn
(aiml) ➜  example1 git:(master) ✗ vim cn-startup.xml
(aiml) ➜  example1 git:(master) ✗ ls
cn-startup.xml  cn-test.aiml  data  simple.py  standard.brn
(aiml) ➜  example1 git:(master) ✗ cp cn-startup.xml cn-test.aiml ../grad
u
(aiml) ➜  example1 git:(master) ✗ ls
cn-startup.xml  cn-test.aiml  data  simple.py  standard.brn
(aiml) ➜  example1 git:(master) ✗ cd ..
(aiml) ➜  pyaiml git:(master) ✗ ls
aiml             example2     project     standard            test.py
aimlvalidate.py  example3     README.md   std-startup.xml     TODO.txt
CHANGES.txt      example4     setup.cfg   stress.py
COPYING.txt      gradu        setup.py    SUPPORTED_TAGS.txt
example1         MANIFEST.in  similarity  tags
(aiml) ➜  pyaiml git:(master) ✗ cd gradu
(aiml) ➜  gradu git:(master) ✗ ls
cn-startup.xml  cn-test.aiml  data  dict  idf.txt.big  testDict.py
(aiml) ➜  gradu git:(master) ✗ vim cn-startup.xml
(aiml) ➜  gradu git:(master) ✗ cd ..
(aiml) ➜  pyaiml git:(master) ✗ ls
aiml             example2     project     standard            test.py
aimlvalidate.py  example3     README.md   std-startup.xml     TODO.txt
CHANGES.txt      example4     setup.cfg   stress.py
COPYING.txt      gradu        setup.py    SUPPORTED_TAGS.txt
example1         MANIFEST.in  similarity  tags
(aiml) ➜  pyaiml git:(master) ✗ cd example1
(aiml) ➜  example1 git:(master) ✗ ls
cn-startup.xml  cn-test.aiml  data  simple.py  standard.brn
(aiml) ➜  example1 git:(master) ✗ cp -a simple.py data ../gradu
cp: cannot overwrite non-directory ‘../gradu/data’ with directory ‘data’
(aiml) ➜  example1 git:(master) ✗ cd ..
(aiml) ➜  pyaiml git:(master) ✗ ls
aiml             example2     project     standard            test.py
aimlvalidate.py  example3     README.md   std-startup.xml     TODO.txt
CHANGES.txt      example4     setup.cfg   stress.py
COPYING.txt      gradu        setup.py    SUPPORTED_TAGS.txt
example1         MANIFEST.in  similarity  tags
(aiml) ➜  pyaiml git:(master) ✗ cd gradu
(aiml) ➜  gradu git:(master) ✗ ls
cn-startup.xml  data  idf.txt.big  testDict.py
cn-test.aiml    dict  simple.py
(aiml) ➜  gradu git:(master) ✗ mv data data-simple
(aiml) ➜  gradu git:(master) ✗ ls
cn-startup.xml  data-simple  idf.txt.big  testDict.py
cn-test.aiml    dict         simple.py
(aiml) ➜  gradu git:(master) ✗ cd ..
(aiml) ➜  pyaiml git:(master) ✗ ls
aiml             example2     project     standard            test.py
aimlvalidate.py  example3     README.md   std-startup.xml     TODO.txt
CHANGES.txt      example4     setup.cfg   stress.py
COPYING.txt      gradu        setup.py    SUPPORTED_TAGS.txt
example1         MANIFEST.in  similarity  tags
(aiml) ➜  pyaiml git:(master) ✗ cd example1
(aiml) ➜  example1 git:(master) ✗ ls
cn-startup.xml  cn-test.aiml  data  simple.py  standard.brn
(aiml) ➜  example1 git:(master) ✗ cp -a data ../gradu
(aiml) ➜  example1 git:(master) ✗ ls
dcn-startup.xml  cn-test.aiml  data  simple.py  standard.brn
(aiml) ➜  example1 git:(master) ✗ cd ..
(aiml) ➜  pyaiml git:(master) ✗ ls
aiml             example2     project     standard            test.py
aimlvalidate.py  example3     README.md   std-startup.xml     TODO.txt
CHANGES.txt      example4     setup.cfg   stress.py
COPYING.txt      gradu        setup.py    SUPPORTED_TAGS.txt
example1         MANIFEST.in  similarity  tags
(aiml) ➜  pyaiml git:(master) ✗ git status
On branch master
Your branch is up-to-date with 'origin/master'.

Changes not staged for commit:
  (use "git add <file>..." to update what will be committed)
  (use "git checkout -- <file>..." to discard changes in working directo
ry)

        modified:   example2/simple.py

Untracked files:
  (use "git add <file>..." to include in what will be committed)

        example2/data/
        gradu/

no changes added to commit (use "git add" and/or "git commit -a")
(aiml) ➜  pyaiml git:(master) ✗ git add .
(aiml) ➜  pyaiml git:(master) ✗ git commit -m 'add gradu'
[master d8a23fc] add gradu
 14 files changed, 312627 insertions(+), 1 deletion(-)
 create mode 100644 example2/data/WHOLE.DAT
 create mode 100644 example2/data/glossary.dat
 create mode 100644 example2/data/semdict.dat
 create mode 100644 gradu/cn-startup.xml
 create mode 100644 gradu/cn-test.aiml
 create mode 100644 gradu/data-simple
 create mode 100644 gradu/data/WHOLE.DAT
 create mode 100644 gradu/data/glossary.dat
 create mode 100644 gradu/data/semdict.dat
 create mode 100644 gradu/dict
 create mode 100644 gradu/idf.txt.big
 create mode 100644 gradu/simple.py
 create mode 100644 gradu/testDict.py
(aiml) ➜  pyaiml git:(master) git push
Username for 'https://git.coding.net': svtter
Password for 'https://svtter@git.coding.net':
Counting objects: 12, done.
Compressing objects: 100% (8/8), done.
Writing objects: 100% (9/9), 1.26 MiB | 153.00 KiB/s, done.
Total 9 (delta 3), reused 0 (delta 0)
To https://coding.net/u/svtter/p/PyAIML/git
   372b7d2..d8a23fc  master -> master
(aiml) ➜  pyaiml git:(master) ls
aiml             example2     project     standard            test.py
aimlvalidate.py  example3     README.md   std-startup.xml     TODO.txt
CHANGES.txt      example4     setup.cfg   stress.py
COPYING.txt      gradu        setup.py    SUPPORTED_TAGS.txt
example1         MANIFEST.in  similarity  tags
(aiml) ➜  pyaiml git:(master) cd gradu
(aiml) ➜  gradu git:(master) ls
cn-startup.xml  data         dict         simple.py
cn-test.aiml    data-simple  idf.txt.big  testDict.py
(aiml) ➜  gradu git:(master) python simple.py
Building prefix dict from the default dictionary ...
Loading model from cache /tmp/jieba.cache
Loading model cost 1.311 seconds.
Prefix dict has been built succesfully.
Loading brain from standard.brn... Error restoring PatternMgr from file
standard.brn:
[Errno 2] No such file or directory: 'standard.brn'
Loading cn-startup.xml... done (0.01 seconds)
Loading cn-test.aiml... done (0.00 seconds)

Kernel bootstrap completed in 0.03 seconds
Saving brain to standard.brn... done (0.00 seconds)
> 你好
DEBUG:root:Sentences in Kernel, split_result:  你好
你好.
> 嗯
DEBUG:root:Sentences in Kernel, split_result:  嗯
我怎么称呼你?
> 修昊
DEBUG:root:Sentences in Kernel, split_result:  修昊
很高兴见到你,修昊.
> 嗯
DEBUG:root:Sentences in Kernel, split_result:  嗯
你多大了?
> 20岁了
DEBUG:root:Sentences in Kernel, split_result:  20 岁 了
你都20岁岁了,好老.
> 。。。
DEBUG:root:Sentences in Kernel, split_result:

> 行吧
DEBUG:root:Sentences in Kernel, split_result:  行 吧
你最喜欢什么颜色?
> 黑色
DEBUG:root:Sentences in Kernel, split_result:  黑色
黑色,我也喜欢,不过我更喜欢透明色.
> 嗯
DEBUG:root:Sentences in Kernel, split_result:  嗯

> 拜拜
DEBUG:root:Sentences in Kernel, split_result:  拜拜
再见修昊.
> Traceback (most recent call last):
  File "simple.py", line 47, in <module>
    text = input("> ")
EOFError
(aiml) ➜  gradu git:(master) ls
cn-startup.xml  data         dict         simple.py     testDict.py
cn-test.aiml    data-simple  idf.txt.big  standard.brn
(aiml) ➜  gradu git:(master)  l
total 4.0M
drwxrwxr-x  4 ubuntu ubuntu 4.0K May 11 10:01 .
drwxrwxr-x 13 ubuntu ubuntu 4.0K May 10 15:43 ..
-rw-rw-r--  1 ubuntu ubuntu  211 May 11 09:59 cn-startup.xml
-rw-rw-r--  1 ubuntu ubuntu 3.5K May 11 09:59 cn-test.aiml
drwxrwxr-x  2 ubuntu ubuntu 4.0K May  5 10:05 data
-rw-rw-r--  1 ubuntu ubuntu 9.3K May 11 09:09 data-simple
-rw-rw-r--  1 ubuntu ubuntu   16 May 11 08:32 dict
-rw-rw-r--  1 ubuntu ubuntu 3.9M May 10 15:44 idf.txt.big
drwxrwxr-x  2 ubuntu ubuntu 4.0K May 11 08:47 .ropeproject
-rw-rw-r--  1 ubuntu ubuntu 1.6K May  5 11:23 simple.py
-rw-rw-r--  1 ubuntu ubuntu 4.5K May 11 10:01 standard.brn
-rw-rw-r--  1 ubuntu ubuntu  227 May 11 08:52 testDict.py
(aiml) ➜  gradu git:(master) ls
cn-startup.xml  data         dict         simple.py     testDict.py
cn-test.aiml    data-simple  idf.txt.big  standard.brn
(aiml) ➜  gradu git:(master) ls
cn-startup.xml  data         dict         simple.py     testDict.py
cn-test.aiml    data-simple  idf.txt.big  standard.brn
(aiml) ➜  gradu git:(master) cd ..
(aiml) ➜  pyaiml git:(master) ls
aiml             example2     project     standard            test.py
aimlvalidate.py  example3     README.md   std-startup.xml     TODO.txt
CHANGES.txt      example4     setup.cfg   stress.py
COPYING.txt      gradu        setup.py    SUPPORTED_TAGS.txt
example1         MANIFEST.in  similarity  tags
(aiml) ➜  pyaiml git:(master) l
total 132K
drwxrwxr-x 13 ubuntu ubuntu 4.0K May 10 15:43 .
drwxrwxr-x  5 ubuntu ubuntu 4.0K May  5 10:44 ..
drwxrwxr-x  5 ubuntu ubuntu 4.0K May  5 15:52 aiml
-rw-rw-r--  1 ubuntu ubuntu 1.9K May  5 11:16 aimlvalidate.py
-rw-rw-r--  1 ubuntu ubuntu 8.5K May  5 10:05 CHANGES.txt
-rw-rw-r--  1 ubuntu ubuntu 1.3K May  5 10:05 COPYING.txt
drwxrwxr-x  3 ubuntu ubuntu 4.0K May  5 11:23 example1
drwxrwxr-x  4 ubuntu ubuntu 4.0K May  5 16:27 example2
drwxrwxr-x  2 ubuntu ubuntu 4.0K May  5 10:05 example3
drwxrwxr-x  4 ubuntu ubuntu 4.0K May  5 15:52 example4
drwxrwxr-x  8 ubuntu ubuntu 4.0K May 11 10:46 .git
-rw-rw-r--  1 ubuntu ubuntu   74 May  5 11:17 .gitignore
drwxrwxr-x  4 ubuntu ubuntu 4.0K May 11 10:01 gradu
-rw-rw-r--  1 ubuntu ubuntu   49 May  5 10:05 MANIFEST.in
drwxrwxr-x  2 ubuntu ubuntu 4.0K May  5 10:05 project
-rw-rw-r--  1 ubuntu ubuntu 1.9K May  5 10:05 README.md
drwxrwxr-x  2 ubuntu ubuntu 4.0K May  5 11:15 .ropeproject
-rw-rw-r--  1 ubuntu ubuntu   63 May  5 10:05 setup.cfg
-rw-rw-r--  1 ubuntu ubuntu 1.3K May  5 10:05 setup.py
drwxrwxr-x  4 ubuntu ubuntu 4.0K May  5 10:10 similarity
drwxrwxr-x  2 ubuntu ubuntu 4.0K May  5 10:05 standard
-rw-rw-r--  1 ubuntu ubuntu  232 May  5 10:05 std-startup.xml
-rw-rw-r--  1 ubuntu ubuntu  946 May  5 10:05 stress.py
-rw-rw-r--  1 ubuntu ubuntu 2.9K May  5 10:05 SUPPORTED_TAGS.txt
-rw-rw-r--  1 ubuntu ubuntu  20K May  5 10:17 tags
 cn-test.aiml                                                                                 buffers
 45 <category>
 46 <pattern>BYE</pattern>
 47 <template>
 48 <random>
 49 <li>再见<get name="name"/>.</li>
 50 <li>再见啦, <get name="name"/>.</li>
 51 <li>下次见, <get name="name"/>.</li>
 52 <li>谢谢你陪我聊天, <get name="name"/>.</li>
 53 <li>改天见, <get name="name"/>.</li>
 54 </random>
 55 </template>
 56 </category>
 57
 58 <category>
 59 <pattern>HELLO</pattern>
 60 <template>
 61 <random>
 62 <li>你好.</li>
 63 <li>你也好.</li>
 64 <li>你好啊.</li>
 65 </random>
 66 </template>
 67 </category>
 68
 69 <category>
 70 <pattern>_</pattern>
 71 <that>我怎么称呼你</that>
 72 <template>
 73 <think><set name="personality">average</set><set name="name"><star/></set></think>
 74 很高兴见到你, <get name="name"/>.
 75 </template>
 76 </category>
 77
 78
 79 <category>
 80   <pattern>*</pattern>
 81   <template>
 82     <condition>
 83       <li><srai>INACTIVITYQUESTIONS</srai></li>
 84     </condition>
 85   </template>
 86 </category>
 87
 88
 89 <category>
 90 <pattern>INACTIVITYQUESTIONS</pattern>
 91 <template>
 92 <condition>
 VISUAL   master  cn-test.aiml                            xml  utf-8[unix]   44%   73/165☰ : 23 
-- VISUAL --
